Warning: SystemRequirements specified C++14: support has been removed
* installing *source* package ‘serosolver’ ...
** this is package ‘serosolver’ version ‘1.2.0’
** using staged installation
** libs
specified C++14
using C++ compiler: ‘Apple clang version 17.0.0 (clang-1700.0.13.5)’
using SDK: ‘MacOSX15.5.sdk’
make: Nothing to be done for `all'.
installing to /Users/jhay/Documents/GitHub/serosolver/..Rcheck/00LOCK-serosolver/00new/serosolver/libs
** R
** data
*** moving datasets to lazyload DB
** inst
** byte-compile and prepare package for lazy loading
** help
*** installing help indices
*** copying figures
** building package indices
** installing vignettes
** testing if installed package can be loaded from temporary location
** checking absolute paths in shared objects and dynamic libraries
** testing if installed package can be loaded from final location
** testing if installed package keeps a record of temporary installation path
* DONE (serosolver)
